[Bootstrap]
SetupTitle=Instalar
SetupText=Copiando archivos, espere.
CabFile=SPCSI.CAB
Spawn=Setup1.exe
Uninstal=st6unst.exe
TmpDir=msftqws.pdw
Cabs=1

[Bootstrap Files]
File1=@VB6STKIT.DLL,$(WinSysPathSysFile),,,10/7/09 5:58:26 AM,101888,6.0.84.50
File2=@COMCAT.DLL,$(WinSysPathSysFile),$(DLLSelfRegister),,6/1/98 12:00:00 AM,22288,4.71.1460.1
File3=@VB6ES.DLL,$(WinSysPath),,$(Shared),10/7/09 5:58:26 AM,119568,6.0.89.88
File4=@stdole2.tlb,$(WinSysPathSysFile),$(TLBRegister),,9/15/18 4:29:00 AM,18432,6.2.17763.1
File5=@asycfilt.dll,$(WinSysPathSysFile),,,9/15/18 4:29:12 AM,75264,6.2.17763.1
File6=@olepro32.dll,$(WinSysPathSysFile),$(DLLSelfRegister),,12/1/19 2:17:11 AM,88576,6.2.17763.503
File7=@oleaut32.dll,$(WinSysPathSysFile),$(DLLSelfRegister),,1/9/20 8:56:38 PM,603792,6.2.17763.914
File8=@msvbvm60.dll,$(WinSysPathSysFile),$(DLLSelfRegister),,9/15/18 4:29:13 AM,1386496,6.0.98.15

[IconGroups]
Group0=SPC Software Integral
PrivateGroup0=Falso
Parent0=$(Programs)

[SPC Software Integral]
Icon1="SPCSI.exe"
Title1=SPCSI
StartIn1=$(AppPath)

[Setup]
Title=SPC Software Integral
DefaultDir=$(ProgramFiles)\SPCSI
AppExe=SPCSI.exe
AppToUninstall=SPCSI.exe

[Setup1 Files]
File1=@Interleaved 2of5.ttf,$(Font),,$(Shared),4/2/16 7:53:18 PM,85023,0.0.0.0
File2=@cselexpt.ocx,$(WinSysPath),$(DLLSelfRegister),$(Shared),2/3/01 1:00:16 AM,114251,8.5.0.35
File3=@PCCLPES.DLL,$(WinSysPath),,$(Shared),7/28/98 12:00:00 AM,9728,6.0.81.63
File4=@PICCLP32.OCX,$(WinSysPath),$(DLLSelfRegister),$(Shared),6/24/98 12:00:00 AM,82744,6.0.81.69
File5=@MSCC2ES.DLL,$(WinSysPath),,$(Shared),7/28/98 12:00:00 AM,60928,6.0.81.63
File6=@mscomct2.ocx,$(WinSysPath),$(DLLSelfRegister),$(Shared),11/25/13 1:27:46 PM,660120,6.1.98.39
File7=@ADODCES.DLL,$(WinSysPath),,$(Shared),7/28/98 12:00:00 AM,15872,6.0.81.63
File8=@MSSTDFMT.DLL,$(WinSysPath),$(DLLSelfRegister),$(Shared),3/31/14 10:46:48 PM,130712,6.1.98.39
File9=@MSADODC.OCX,$(WinSysPath),$(DLLSelfRegister),$(Shared),6/24/98 12:00:00 AM,118064,6.0.81.71
File10=@FLXGDES.DLL,$(WinSysPath),,$(Shared),10/7/09 5:58:26 AM,40448,6.0.81.63
File11=@MSFLXGRD.OCX,$(WinSysPath),$(DLLSelfRegister),$(Shared),10/7/09 5:58:26 AM,260880,6.1.97.82
File12=@MSHFGES.DLL,$(WinSysPath),,$(Shared),7/23/98 12:00:00 AM,50176,6.0.30.5
File13=@MSHFLXGD.OCX,$(WinSysPath),$(DLLSelfRegister),$(Shared),6/24/98 12:00:00 AM,407104,6.0.30.5
File14=@TABCTES.DLL,$(WinSysPath),,$(Shared),7/28/98 12:00:00 AM,21504,6.0.81.63
File15=@TABCTL32.OCX,$(WinSysPath),$(DLLSelfRegister),$(Shared),6/24/98 12:00:00 AM,209192,6.0.81.69
File16=@BarCode.dll,$(WinSysPath),$(DLLSelfRegister),$(Shared),1/25/15 10:38:16 PM,126976,1.0.0.2
File17=@msjro.dll,$(WinSysPath),$(DLLSelfRegister),$(Shared),9/15/18 4:29:28 AM,97280,6.2.17763.1
File18=@MSACC.OLB,$(WinSysPath),,$(Shared),1/21/10 2:13:54 AM,677248,14.0.4734.1000
File19=@crystalwizard.dll,$(WinSysPath),$(DLLSelfRegister),$(Shared),1/19/01 7:28:56 PM,401408,8.5.0.4
File20=@craxdrt.dll,$(WinSysPath),$(DLLSelfRegister),$(Shared),2/9/01 6:49:22 PM,5152826,8.5.0.217
File21=@sviewhlp.dll,$(WinSysPath),$(DLLSelfRegister),$(Shared),2/3/01 1:06:02 AM,58352,8.5.0.217
File22=@crviewer.dll,$(WinSysPath),$(DLLSelfRegister),$(Shared),2/3/01 1:05:58 AM,664576,8.5.0.217
File23=@EXCEL.EXE,$(AppPath),,$(Shared),1/21/10 5:22:06 PM,20752736,14.0.4734.1000
File24=@Printer FlexGrid.dll,$(WinSysPath),$(DLLSelfRegister),$(Shared),8/1/06 12:00:48 AM,110592,1.0.0.0
File25=@dao360.dll,$(WinSysPath),$(DLLSelfRegister),$(Shared),9/15/18 4:29:28 AM,610304,3.60.9765.0
File26=@MSDBRPT.DLL,$(WinSysPath),$(DLLSelfRegister),$(Shared),6/18/98 12:00:00 AM,311296,6.0.81.69
File27=@MSDERUN.DLL,$(CommonFiles)\designer,$(DLLSelfRegister),$(Shared),6/9/98 12:00:00 AM,137216,6.0.0.3005
File28=@MSDE.DLL,$(WinSysPath),$(DLLSelfRegister),$(Shared),6/9/98 12:00:00 AM,509440,6.0.0.3005
File29=@msado25.tlb,$(WinSysPath),,$(Shared),9/15/18 4:29:29 AM,69632,6.2.17763.1
File30=@vsrpt8.ocx,$(WinSysPath),$(DLLSelfRegister),$(Shared),12/17/04 10:28:24 AM,479232,8.0.20051.136
File31=@SPCSI.exe,$(AppPath),,$(Shared),6/7/19 9:54:34 PM,6144000,1.0.0.0

; Puede eliminar las siguientes líneas para obtener espacio adicional 
; con el fin de personalizar este archivo en un disco de instalación completa.
; 
; XXXXXXXXXXXXXXXXXXXXXXXXXXXXXXXXXXXXXXXXXXXXXXXXXXXXXXXXXXXX
; XXXXXXXXXXXXXXXXXXXXXXXXXXXXXXXXXXXXXXXXXXXXXXXXXXXXXXXXXXXX
; XXXXXXXXXXXXXXXXXXXXXXXXXXXXXXXXXXXXXXXXXXXXXXXXXXXXXXXXXXXX
; XXXXXXXXXXXXXXXXXXXXXXXXXXXXXXXXXXXXXXXXXXXXXXXXXXXXXXXXXXXX
; XXXXXXXXXXXXXXXXXXXXXXXXXXXXXXXXXXXXXXXXXXXXXXXXXXXXXXXXXXXX
; XXXXXXXXXXXXXXXXXXXXXXXXXXXXXXXXXXXXXXXXXXXXXXXXXXXXXXXXXXXX
; XXXXXXXXXXXXXXXXXXXXXXXXXXXXXXXXXXXXXXXXXXXXXXXXXXXXXXXXXXXX
; XXXXXXXXXXXXXXXXXXXXXXXXXXXXXXXXXXXXXXXXXXXXXXXXXXXXXXXXXXXX
; XXXXXXXXXXXXXXXXXXXXXXXXXXXXXXXXXXXXXXXXXXXXXXXXXXXXXXXXXXXX
; XXXXXXXXXXXXXXXXXXXXXXXXXXXXXXXXXXXXXXXXXXXXXXXXXXXXXXXXXXXX
; XXXXXXXXXXXXXXXXXXXXXXXXXXXXXXXXXXXXXXXXXXXXXXXXXXXXXXXXXXXX
; XXXXXXXXXXXXXXXXXXXXXXXXXXXXXXXXXXXXXXXXXXXXXXXXXXXXXXXXXXXX
; XXXXXXXXXXXXXXXXXXXXXXXXXXXXXXXXXXXXXXXXXXXXXXXXXXXXXXXXXXXX
; XXXXXXXXXXXXXXXXXXXXXXXXXXXXXXXXXXXXXXXXXXXXXXXXXXXXXXXXXXXX
; XXXXXXXXXXXXXXXXXXXXXXXXXXXXXXXXXXXXXXXXXXXXXXXXXXXXXXXXXXXX
; XXXXXXXXXXXXXXXXXXXXXXXXXXXXXXXXXXXXXXXXXXXXXXXXXXXXXXXXXXXX
; XXXXXXXXXXXXXXXXXXXXXXXXXXXXXXXXXXXXXXXXXXXXXXXXXXXXXXXXXXXX
; XXXXXXXXXXXXXXXXXXXXXXXXXXXXXXXXXXXXXXXXXXXXXXXXXXXXXXXXXXXX
; XXXXXXXXXXXXXXXXXXXXXXXXXXXXXXXXXXXXXXXXXXXXXXXXXXXXXXXXXXXX
; XXXXXXXXXXXXXXXXXXXXXXXXXXXXXXXXXXXXXXXXXXXXXXXXXXXXXXXXXXXX
; XXXXXXXXXXXXXXXXXXXXXXXXXXXXXXXXXXXXXXXXXXXXXXXXXXXXXXXXXXXX
; XXXXXXXXXXXXXXXXXXXXXXXXXXXXXXXXXXXXXXXXXXXXXXXXXXXXXXXXXXXX
; XXXXXXXXXXXXXXXXXXXXXXXXXXXXXXXXXXXXXXXXXXXXXXXXXXXXXXXXXXXX
; XXXXXXXXXXXXXXXXXXXXXXXXXXXXXXXXXXXXXXXXXXXXXXXXXXXXXXXXXXXX
; XXXXXXXXXXXXXXXXXXXXXXXXXXXXXXXXXXXXXXXXXXXXXXXXXXXXXXXXXXXX
; XXXXXXXXXXXXXXXXXXXXXXXXXXXXXXXXXXXXXXXXXXXXXXXXXXXXXXXXXXXX
; XXXXXXXXXXXXXXXXXXXXXXXXXXXXXXXXXXXXXXXXXXXXXXXXXXXXXXXXXXXX
; XXXXXXXXXXXXXXXXXXXXXXXXXXXXXXXXXXXXXXXXXXXXXXXXXXXXXXXXXXXX
; XXXXXXXXXXXXXXXXXXXXXXXXXXXXXXXXXXXXXXXXXXXXXXXXXXXXXXXXXXXX
; XXXXXXXXXXXXXXXXXXXXXXXXXXXXXXXXXXXXXXXXXXXXXXXXXXXXXXXXXXXX
; XXXXXXXXXXXXXXXXXXXXXXXXXXXXXXXXXXXXXXXXXXXXXXXXXXXXXXXXXXXX
; XXXXXXXXXXXXXXXXXXXXXXXXXXXXXXXXXXXXXXXXXXXXXXXXXXXXXXXXXXXX
; XXXXXXXXXXXXXXXXXXXXXXXXXXXXXXXXXXXXXXXXXXXXXXXXXXXXXXXXXXXX
; XXXXXXXXXXXXXXXXXXXXXXXXXXXXXXXXXXXXXXXXXXXXXXXXXXXXXXXXXXXX
; XXXXXXXXXXXXXXXXXXXXXXXXXXXXXXXXXXXXXXXXXXXXXXXXXXXXXXXXXXXX
