  401210     18F4 Code                ABERROR_TEXT
  402B04      7B5 Code                ABFILE_TEXT
  4032BC      159 Code                ABFUZZY_TEXT
  403418       46 Code                ABRESIZE_TEXT
  403460      133 Code                ABTOOLBA_TEXT
  403594     1A80 Code                ABUTIL_TEXT
  405014     1982 Code                ABWINDOW_TEXT
  406998       5C Code                CWSYNCHC_TEXT
  4069F4     1646 Code                FEAFI001_TEXT
  40803C        9 Code                FEAFIBC0_TEXT
  408048       13 Code                FEAFIBC_TEXT
  40805C       FA Code                FEAFIP_TEXT
  408158       41 Code                IEXE32_TEXT
  40819C      233 Code                INIT_TEXT
  4083D0        D Code                INST00_TEXT
  409000       2A Initialized Data    ABEIP_CONST
  40902C       3C Initialized Data    ABEIP_DATA
  409068      1B4 Initialized Data    ABERROR_CONST
  40921C     197C Initialized Data    ABERROR_DATA
  40AB98        8 Initialized Data    ABFILE_CONST
  40ABA0       D3 Initialized Data    ABFILE_DATA
  40AC74       B4 Initialized Data    ABFUZZY_DATA
  40AD28       4C Initialized Data    ABTOOLBA_DATA
  40AD74      136 Initialized Data    ABUTIL_CONST
  40AEAC       E7 Initialized Data    ABUTIL_DATA
  40AF94        C Initialized Data    ABWINDOW_CONST
  40AFA0       3F Initialized Data    ABWINDOW_DATA
  40AFE0       24 Initialized Data    CWSYNCHC_DATA
  40B004      554 Initialized Data    FEAFI001_CONST
  40B558      268 Initialized Data    FEAFI001_DATA
  40B7C0       22 Initialized Data    FEAFIP_CONST
  40B7E4       1C Initialized Data    FEAFIP_DATA
  40B800       3C Initialized Data    IEXE32_DATA
  40B83C        0 Initialized Data    __CPPINI_CONS
  40B83C      1F8 Initialized Data    __CPPINI_CONST
  40BA34        4 Initialized Data    __CPPINI_END
  40BA38        0 Initialized Data    __INIVMT_CONS
  40BA38       58 Initialized Data    __INIVMT_CONST
  40BA90        0 Initialized Data    __INIVMT_CONST_END
  40BA90       40 Un-initialized Data ABEIP_BSS
  40BAD0        4 Un-initialized Data ABERROR_BSS
  40BAD4        0 Un-initialized Data ABFILE_BSS
  40BAD4        4 Un-initialized Data ABFUZZY_BSS
  40BAD8      104 Un-initialized Data ABUTIL_BSS
  40BBDC     1758 Un-initialized Data FEAFIP_BSS
  40E000        8 __T_L_S__DAT
  40E008       C9 __T_L_S__DATA
  40E0D4        0 __T_L_S__DATA_END
  40E0E0        0 __T_L_S__BS
  40E0E0     143C __T_L_S__BSS
  40F51C        0 __T_L_S__BSS_END

  401210 SETID@F10ERRORCLASSUsl
  401248 REPLACE@FsbsbRsc
  401364 KILL_@_WINDOWCOMPONENT_@_HISTHANDLERCLASS@F15WINDOWCOMPONENT
  401368 RESET_@_WINDOWCOMPONENT_@_HISTHANDLERCLASS@F15WINDOWCOMPONENTUc
  40136C RESETREQUIRED_@_WINDOWCOMPONENT_@_HISTHANDLERCLASS@F15WINDOWCOMPONENT
  401370 SETALERTS_@_WINDOWCOMPONENT_@_HISTHANDLERCLASS@F15WINDOWCOMPONENT
  401374 TAKEEVENT_@_WINDOWCOMPONENT_@_HISTHANDLERCLASS@F15WINDOWCOMPONENT
  401384 UPDATE_@_WINDOWCOMPONENT_@_HISTHANDLERCLASS@F15WINDOWCOMPONENT
  401388 UPDATEWINDOW_@_WINDOWCOMPONENT_@_HISTHANDLERCLASS@F15WINDOWCOMPONENT
  40139C VLBPROC@F16HISTHANDLERCLASSls
  401448 TAKEEVENT@F16HISTHANDLERCLASS
  401510 INIT@F16HISTHANDLERCLASSBw10ERRORCLASS16ERRORHISTORYLIST
  40151C _VLBPROC@F16HISTHANDLERCLASSls
  40152C TAKEACCEPTED@F11MSGBOXCLASS
  401568 SETUPADDITIONALFEQS@F11MSGBOXCLASS
  4015F0 KILL@F11MSGBOXCLASS
  401630 INIT@F11MSGBOXCLASS
  4018E0 INIT@F11MSGBOXCLASSBw10ERRORCLASSOsbllll
  401978 FETCHSTDBUTTON@F11MSGBOXCLASSs
  4019AC VIEWHISTORY@F10ERRORCLASS
  4019D8 THROW@F10ERRORCLASSs
  4019EC TAKEUSER@F10ERRORCLASS
  401A4C TAKEPROGRAM@F10ERRORCLASS
  401A54 TAKEOTHER@F10ERRORCLASS
  401A5C TAKENOTIFY@F10ERRORCLASS
  401AAC TAKEFATAL@F10ERRORCLASS
  401B4C TAKEERROR@F10ERRORCLASSs
  401BB0 TAKEBENIGN@F10ERRORCLASS
  401BB4 SUBSSTRING@F10ERRORCLASS
  401F34 SETPROCEDURENAME@F10ERRORCLASSOsb
  401FB8 SETID@F10ERRORCLASSUs
  401FD4 SETERRORS@F10ERRORCLASS
  402038 SETERRORLOG@F10ERRORCLASS17ERRORLOGINTERFACE
  4020AC SETCATEGORY@F10ERRORCLASSssa
  4020D4 RESETHISTORY@F10ERRORCLASS
  4020E0 MESSAGEBOX@F10ERRORCLASSUcsbOsbOsblll
  402178 MSG@F10ERRORCLASSsbOsbOsblll
  40245C MESSAGE@F10ERRORCLASSsll
  4024C4 KILL@F10ERRORCLASS
  402548 INIT@F10ERRORCLASS
  4025F8 HISTORYMSG@F10ERRORCLASSsblll
  4026DC GETPROCEDURENAME@F10ERRORCLASS
  40278C GETCATEGORY@F10ERRORCLASSs
  4027EC ADDHISTORY@F10ERRORCLASS
  4027FC ADDERRORS@F10ERRORCLASS10ERRORBLOCK
  402938 DESTRUCT@F10ERRORCLASS
  402940 CONSTRUCT@F10ERRORCLASS
  4029B4 CLOSE_@_ERRORLOGINTERFACE_@_STANDARDERRORLOGCLASS@F17ERRORLOGINTERFACEUc
  4029C0 OPEN_@_ERRORLOGINTERFACE_@_STANDARDERRORLOGCLASS@F17ERRORLOGINTERFACEUc
  4029CC TAKE_@_ERRORLOGINTERFACE_@_STANDARDERRORLOGCLASS@F17ERRORLOGINTERFACEsb
  402A4C CLOSE@F21STANDARDERRORLOGCLASSUc
  402A88 OPEN@F21STANDARDERRORLOGCLASSUc
  402AF0 DESTRUCT@F21STANDARDERRORLOGCLASS
  402AFC CONSTRUCT@F21STANDARDERRORLOGCLASS
  402B84 NOTEUSAGE@F12FILESMANAGER11FILEMANAGERUc
  402C50 GETFILEID@F12FILESMANAGERBf
  402C68 FINDRECORD@F12FILESMANAGER11FILEMANAGER
  402D3C DESTRUCT@F12FILESMANAGER
  402D64 CONSTRUCT@F12FILESMANAGER
  402DA4 USEFILE@F11FILEMANAGERUc
  402E40 TRYREGET@F11FILEMANAGERsb
  402EE0 SETERROR@F11FILEMANAGERUs
  402EF8 SAVEFILE@F11FILEMANAGER
  402FF8 POSITION@F11FILEMANAGER
  4030C8 OPENFILE@F11FILEMANAGERUc
  4032BC SETOPTION@F10FUZZYCLASSUcUc
  403320 KILL@F10FUZZYCLASS
  403324 INIT@F10FUZZYCLASS
  403338 CONSTRUCT@F10FUZZYCLASS
  403418 TAKERESIZE@F17WINDOWRESIZECLASS
  403420 KILL@F17WINDOWRESIZECLASS
  403460 TAKEEVENT@F12TOOLBARCLASSPl13WINDOWMANAGER
  40348C SETTARGET@F12TOOLBARCLASSl
  403534 KILL@F12TOOLBARCLASS
  40354C INIT@F12TOOLBARCLASS
  40356C DISPLAYBUTTONS@F12TOOLBARCLASS
  403594 UPDATEQUEUE@F8INICLASSsbsbBqRuPuPuPu
  4037C0 UPDATE@F8INICLASSsbsbsb
  40387C UPDATE@F8INICLASSsbBw
  403A5C UPDATE@F8INICLASS
  403A60 TRYFETCH@F8INICLASSsbsb
  403AD8 REMOVE@F8INICLASSsbsb
  403C40 KILL@F8INICLASS
  403D74 INIT@F8INICLASSsbll
  403E8C FETCHQUEUE@F8INICLASSsbsbBqRuPuPuPu
  40410C FETCHFIELD@F8INICLASSsbsbUc
  404268 FETCH@F8INICLASSsbsbRu
  40432C FETCH@F8INICLASSsbBw
  40458C FETCH@F8INICLASSsbsb
  404704 FETCH@F8INICLASS
  404708 UPDATEWINDOWINFO@F8INICLASSsb10WINDOWINFO
  404964 FETCHWINDOWINFO@F8INICLASSsb10WINDOWINFO
  404BDC UPDATE@F8INICLASSsbsbsbsb
  404DC8 FETCH@F8INICLASSsbsbsbsb
  404FEC DESTRUCT@F8INICLASS
  405004 CONSTRUCT@F8INICLASS
  405014 SAVEONINSERTACTION@F13WINDOWMANAGER
  4050BC SAVEONCHANGEACTION@F13WINDOWMANAGER
  4051D4 DELETEACTION@F13WINDOWMANAGER
  405390 CHANGEACTION@F13WINDOWMANAGER
  4056F4 INSERTACTION@F13WINDOWMANAGER
  4058E0 TAKEDISABLEBUTTON@F13WINDOWMANAGERlUc
  405908 UPDATE@F13WINDOWMANAGER
  405944 TAKEWINDOWEVENT@F13WINDOWMANAGER
  405A2C TAKESELECTED@F13WINDOWMANAGER
  405A30 TAKEREJECTED@F13WINDOWMANAGER
  405A74 TAKENEWSELECTION@F13WINDOWMANAGER
  405AF4 TAKEFIELDEVENT@F13WINDOWMANAGER
  405AF8 TAKEEVENT@F13WINDOWMANAGER
  405C6C TAKECLOSEEVENT@F13WINDOWMANAGER
  405E10 TAKECOMPLETED@F13WINDOWMANAGER
  405EE8 TAKEACCEPTED@F13WINDOWMANAGER
  405FD4 SETRESPONSE@F13WINDOWMANAGERUc
  406020 SETALERTS@F13WINDOWMANAGER
  4060D0 SAVEHISTORY@F13WINDOWMANAGER
  40617C RUN@F13WINDOWMANAGERUsUc
  406180 RUN@F13WINDOWMANAGER
  4061CC RESTOREFIELD@F13WINDOWMANAGERl
  40637C RESETBUFFERS@F13WINDOWMANAGERUc
  4063DC RESET@F13WINDOWMANAGERUc
  406464 PRIMEUPDATE@F13WINDOWMANAGER
  40659C PRIMEFIELDS@F13WINDOWMANAGER
  4065A0 POSTCOMPLETED@F13WINDOWMANAGER
  406638 OPEN@F13WINDOWMANAGER
  40667C KILL@F13WINDOWMANAGER
  4067D0 INIT@F13WINDOWMANAGER
  406844 ASK@F13WINDOWMANAGER
  4068A8 ADDITEM@F13WINDOWMANAGER15WINDOWCOMPONENT
  4068D4 ADDITEM@F13WINDOWMANAGER12TOOLBARCLASS
  4068E8 DISABLECANCELCONTROLS@F13WINDOWMANAGER
  406940 ENABLECANCELCONTROLS@F13WINDOWMANAGER
  406998 KILL@F17CRITICALPROCEDURE
  4069B8 INIT@F17CRITICALPROCEDURE11ISYNCOBJECT
  4069E4 DESTRUCT@F17CRITICALPROCEDURE
  4069EC CONSTRUCT@F17CRITICALPROCEDURE
  407F00 MAIN@F
  40803C FEAFIBC0$FEAFIBC0:FILESINIT@F
  408040 FEAFIBC0$FEAFIBC0:DCTKILL@F
  408044 FEAFIBC0$FEAFIBC0:DCTINIT@F
  408048 DCTKILL@F
  408050 DCTINIT@F
  40805C _main
  408148 DESTRUCT@F10DICTIONARY
  408150 CONSTRUCT@F10DICTIONARY
  4083D0 __thr_inst0
  40902C TYPE$COLORMAP
  409058 TCB$COLORMAP
  40921C STDERRORFILE$TYPE$RECORD
  409234 TYPE$PNQ
  409254 TYPE$DEFAULTERRORS
  4094B4 $DEFAULTERRORS
  40A628 TYPE$HISTHANDLERCLASS
  40A670 VMT$HISTHANDLERCLASS
  40A6A0 TYPE$MSGBOXCLASS
  40A8FC VMT$MSGBOXCLASS
  40A97C TYPE$ERRORCLASS
  40AB10 VMT$ERRORCLASS
  40AB54 TYPE$STANDARDERRORLOGCLASS
  40AB80 VMT$STANDARDERRORLOGCLASS
  40ABA0 TYPE$FILESMANAGER
  40ABD4 VMT$FILESMANAGER
  40ABE0 TYPE$FILEMAPPING_T
  40AC0C TYPE$STATUSQ_T
  40AC74 TYPE$FUZZYCLASS
  40AD1C VMT$FUZZYCLASS
  40AD28 TYPE$TOOLBARTARGETQUEUE
  40AD44 TYPE$TOOLBARCLASS
  40AD5C VMT$TOOLBARCLASS
  40AEC4 TYPE$INICLASS
  40AF0C VMT$INICLASS
  40AFA0 TYPE$BUTTONLIST
  40AFC4 TYPE$COMPONENTLIST
  40AFE0 TYPE$CRITICALPROCEDURE
  40AFF8 VMT$CRITICALPROCEDURE
  40B7E4 TYPE$DICTIONARY
  40B7F4 VMT$DICTIONARY
  40BA38 VMTP$DICTIONARY
  40BA48 VMTP$FILESMANAGER
  40BA50 VMTP$INICLASS
  40BA58 VMTP$TOOLBARCLASS
  40BA60 VMTP$HISTHANDLERCLASS
  40BA68 VMTP$MSGBOXCLASS
  40BA70 VMTP$ERRORCLASS
  40BA78 VMTP$STANDARDERRORLOGCLASS
  40BA80 VMTP$FUZZYCLASS
  40BA88 VMTP$CRITICALPROCEDURE
  40BA90 $COLORMAP
  40BAC8 $MULTIWINDOW
  40BACC $TXTWINDOW
  40BAD0 $WINDOW
  40BAD4 P177$MEMOS$DBTEXTLOGFILE
  40BBDC $LOGINNAME
  40BBF0 $FUZZYMATCHER
  40D214 $INIMGR
  40D32C $LCURRENTFDSETTING
  40D330 $LADJFDSETTING
  40E008 P177$DBTEXTLOGFILE
  40E04C P77$EXTRACTFILE
  40E090 $STDERRORFILE
  40E0E0 $GLOBALERRORS
  40E804 $GLOBALREQUEST
  40E808 $GLOBALRESPONSE
  40E80C $VCRREQUEST
  40E810 $DICTIONARY
  40E814 $FILESMANAGER
  40E828 $SZDBTEXTLOG
  40E930 P177$DBTEXTLOGFILE$RECORD
  40ED1C P77$EXTRACTFILE$EXTRACTFILE@:RECORD
  40F11C STDERRORFILE$RECORD
  410000 __import_section_start
  41108C __import_section_end

Imports
c60ascx:ASCII 41006C
c60olex:Cla$HookOle 41007C
c60runx:Cla$ACCEPTED 4102C8,401000
c60runx:Cla$ADDqueue 4102CC
c60runx:Cla$AssignRefUfo 4102D0
c60runx:Cla$BEEP 4102D4,401008
c60runx:Cla$BindV 4102D8
c60runx:Cla$CLEAR 4102DC
c60runx:Cla$clearstr 4102E0
c60runx:Cla$CLOCK 4102E4,401010
c60runx:Cla$CLOSEwindow 4102E8,401018
c60runx:Cla$code 4102EC
c60runx:Cla$comparestr 4102F0
c60runx:Cla$DAY 4102F4,401020
c60runx:Cla$DecAdd 4102F8
c60runx:Cla$DecDistinct 4102FC
c60runx:Cla$DecDistinctR 410300
c60runx:Cla$DecSub 410304
c60runx:Cla$DELETEqueue 410308,401028
c60runx:Cla$DELETEREG 41030C,401030
c60runx:Cla$DISABLE 410310,401038
c60runx:Cla$DISPLAY 410314,401040
c60runx:Cla$DISPOSEqueue 410318
c60runx:Cla$DISPOSEref 41031C
c60runx:Cla$Dlongpower 410320
c60runx:Cla$DoProp 410324
c60runx:Cla$DPopLong 410328
c60runx:Cla$DPopReal 41032C
c60runx:Cla$DPopUlong 410330
c60runx:Cla$DPushConstant 410334
c60runx:Cla$DPushLong 410338
c60runx:Cla$DPushULong 41033C
c60runx:Cla$DStack2Stack 410340
c60runx:Cla$ENABLE 410344,401048
c60runx:Cla$EndEventLoop 410348
c60runx:Cla$ERRORCODE 41034C,401050
c60runx:Cla$EVENT 410350,401058
c60runx:Cla$FIELD 410354,401060
c60runx:Cla$FILEERRORCODE 410358,401068
c60runx:Cla$FILEERRORMSG 41035C,401070
c60runx:Cla$FileExists 410360,401078
c60runx:Cla$FILE_ADDf 410364
c60runx:Cla$FILE_BUILDf 410368,401080
c60runx:Cla$FILE_CLOSE 41036C,401088
c60runx:Cla$FILE_CREATE 410370
c60runx:CLA$FILE_DESTROY 410374
c60runx:CLA$FILE_GETSTATE 410378,401090
c60runx:Cla$FILE_NAME 41037C,401098
c60runx:Cla$FILE_OPEN 410380,4010A0
c60runx:Cla$FILE_POSITIONf 410384,4010A8
c60runx:Cla$FILE_POSITIONk 410388,4010B0
c60runx:Cla$FILE_REGETf 41038C,4010B8
c60runx:Cla$FILE_REGETk 410390,4010C0
c60runx:Cla$FILE_SEND 410394,4010C8
c60runx:Cla$FOCUS 410398,4010D0
c60runx:Cla$FREEqueue 41039C
c60runx:Cla$FREEqueuea 4103A0,4010D8
c60runx:Cla$freestr 4103A4
c60runx:Cla$FreeUfo 4103A8
c60runx:Cla$freewindow 4103AC
c60runx:Cla$GETINI 4103B0,4010E0
c60runx:Cla$GetPropS 4103B4
c60runx:Cla$GETqueuekey 4103B8
c60runx:Cla$GETqueueptr 4103BC
c60runx:Cla$GETREG 4103C0,4010E8
c60runx:Cla$HALT 4103C4,4010F0
c60runx:Cla$HELP 4103C8,4010F8
c60runx:Cla$init 4103CC
c60runx:Cla$INSTANCE 4103D0,401100
c60runx:Cla$KEYCODE 4103D4,401108
c60runx:Cla$Mem2Ufo 4103D8
c60runx:Cla$MessageBox 4103DC,401110
c60runx:Cla$MONTH 4103E0,401118
c60runx:Cla$NewCriticalSection 4103E4,401120
c60runx:Cla$NewMemB 4103E8
c60runx:Cla$NewMemT 4103EC
c60runx:Cla$NEWqueue 4103F0
c60runx:Cla$OPENwindow 4103F4,401128
c60runx:Cla$paopen 4103F8
c60runx:Cla$POINTERqueue 4103FC,401130
c60runx:Cla$PopAString 410400
c60runx:Cla$PopBind 410404,401138
c60runx:Cla$PopCString 410408
c60runx:Cla$PopReal 41040C
c60runx:Cla$PopString 410410
c60runx:Cla$PopTemp 410414
c60runx:Cla$POST 410418,401140
c60runx:Cla$PushAString 41041C
c60runx:Cla$PushBind 410420,401148
c60runx:Cla$PushCString 410424
c60runx:Cla$PushLong 410428
c60runx:Cla$PushPictDec 41042C
c60runx:Cla$PushPictLong 410430
c60runx:Cla$PushReal 410434
c60runx:Cla$PushString 410438
c60runx:Cla$PushUfo 41043C
c60runx:Cla$PUTINI 410440,401150
c60runx:Cla$PUTqueue 410444
c60runx:Cla$PUTREG 410448,401158
c60runx:Cla$pwopen 41044C
c60runx:Cla$RECORDSqueue 410450,401160
c60runx:Cla$RefAssignAny 410454
c60runx:Cla$SELECT 410458,401168
c60runx:Cla$SETCURSOR 41045C,401170
c60runx:Cla$SETKEYCODE 410460,401178
c60runx:Cla$SetPropS 410464
c60runx:Cla$SetPropV 410468
c60runx:Cla$SORTqueuekey 41046C
c60runx:Cla$Stack2DStack 410470
c60runx:Cla$Stack2Ufo 410474
c60runx:Cla$StackCLIP 410478,401180
c60runx:Cla$StackCompareN 41047C
c60runx:Cla$StackCompareNEQ 410480
c60runx:Cla$StackCompareR 410484
c60runx:Cla$StackConcat 410488
c60runx:Cla$StackConcatR 41048C
c60runx:Cla$StackErrstr 410490,401188
c60runx:Cla$StackHeap 410494
c60runx:Cla$StackINSTRING 410498,401190
c60runx:Cla$StackLen 41049C,401198
c60runx:Cla$STACKpop 4104A0
c60runx:Cla$StackRotate 4104A4
c60runx:Cla$StackSUB 4104A8,4011A0
c60runx:Cla$StackUPPER 4104AC,4011A8
c60runx:Cla$StartEventLoop 4104B0
c60runx:Cla$StashBP 4104B4
c60runx:Cla$storecstr 4104B8
c60runx:Cla$storestr 4104BC
c60runx:Cla$THREAD 4104C0,4011B0
c60runx:Cla$THREAD_FILE 4104C4
c60runx:Cla$TODAY 4104C8,4011B8
c60runx:Cla$UNHIDE 4104CC,4011C0
c60runx:Cla$UNREGISTEREVENT 4104D0,4011C8
c60runx:Cla$WHAT 4104D4,4011D0
c60runx:Cla$YEAR 4104D8,4011D8
c60runx:THR$GetInstance 4104DC,4011E0
c60runx:Wsl$CloseDown 4104E0,4011E8
c60runx:_exit 4104E4,4011F0
c60runx:_free 4104E8
c60runx:_longjmp 4104EC
c60runx:_malloc 4104F0
c60runx:_memset 4104F4
c60runx:_setjmp 4104F8
c60runx:__checkversion 4104FC,4011F8
c60runx:__sysinit 410500,401200
c60runx:__sysstart 410504,401208
USER32.dll:SystemParametersInfoA 410514



Entry Point:   408158